** Drc report for notastarboy.kicad_pcb **
** Created on 2026-10-08T12:30:50 **
** Report includes: Errors, Warnings **

** Found 23 DRC violations **
[malformed_courtyard]: Footprint has malformed courtyard (not a closed shape)
    Local override; error
    @(94.2760 mm, 65.3250 mm): Footprint J1
[malformed_courtyard]: Footprint has malformed courtyard (not a closed shape)
    Local override; error
    @(94.2760 mm, 65.3250 mm): Footprint J1
[text_thickness]: Text thickness out of range (TrueType font characters with insufficient stroke weight)
    Rule: board setup constraints silk text thickness; warning
    @(123.0000 mm, 118.5000 mm): PCB text '© 2011' on F.Silkscreen
[text_thickness]: Text thickness out of range (TrueType font characters with insufficient stroke weight)
    Rule: board setup constraints silk text thickness; warning
    @(131.5000 mm, 109.5000 mm): PCB text '"Myann vizz gow
kolan te dariyas
aab khoshik"' on F.Silkscreen
[text_thickness]: Text thickness out of range (TrueType font characters with insufficient stroke weight)
    Rule: board setup constraints silk text thickness; warning
    @(129.0000 mm, 83.0000 mm): PCB text 'I'M COOLEST OF 'EM ALL!!' on F.Silkscreen
[text_height]: Text height out of range (board setup constraints silk text height min height 0.8000 mm; actual 0.6350 mm)
    Rule: board setup constraints silk text height; warning
    @(90.8525 mm, 91.5810 mm): Reference field of U1
[silk_overlap]: Silkscreen clearance
    Rule: board setup constraints silk; warning
    @(115.9200 mm, 98.6260 mm): Reference field of SW2
    @(123.0800 mm, 98.9700 mm): Segment of SW1 on F.Silkscreen
[silk_overlap]: Silkscreen clearance
    Rule: board setup constraints silk; warning
    @(124.3500 mm, 83.8800 mm): Segment of J2 on F.Silkscreen
    @(116.0950 mm, 84.1110 mm): Reference field of SW1
[silk_overlap]: Silkscreen clearance
    Rule: board setup constraints silk; warning
    @(126.1650 mm, 97.8350 mm): Reference field of R1
    @(130.2400 mm, 97.5400 mm): Segment of U2 on F.Silkscreen
[silk_over_copper]: Silkscreen clipped by solder mask
    Local override; warning
    @(82.4685 mm, 110.7210 mm): Segment of U1 on F.Silkscreen
    @(83.3575 mm, 110.2860 mm): Pad 8 [unconnected-(U1-D7-Pad8)] of U1 on F.Cu
[silk_over_copper]: Silkscreen clipped by solder mask
    Local override; warning
    @(82.4685 mm, 110.7210 mm): Segment of U1 on F.Silkscreen
    @(85.8975 mm, 110.2860 mm): Pad 9 [unconnected-(U1-D8-Pad9)] of U1 on F.Cu
[silk_over_copper]: Silkscreen clipped by solder mask
    Local override; warning
    @(82.4685 mm, 110.7210 mm): Segment of U1 on F.Silkscreen
    @(88.4375 mm, 110.2860 mm): Pad 10 [unconnected-(U1-D9/BOOT-Pad10)] of U1 on F.Cu
[silk_over_copper]: Silkscreen clipped by solder mask
    Local override; warning
    @(82.4685 mm, 110.7210 mm): Segment of U1 on F.Silkscreen
    @(90.9775 mm, 110.2860 mm): Pad 11 [unconnected-(U1-D10-Pad11)] of U1 on F.Cu
[silk_over_copper]: Silkscreen clipped by solder mask
    Local override; warning
    @(82.4685 mm, 110.7210 mm): Segment of U1 on F.Silkscreen
    @(93.5175 mm, 110.2860 mm): Pad 12 [+3.3V] of U1 on F.Cu
[silk_over_copper]: Silkscreen clipped by solder mask
    Local override; warning
    @(82.4685 mm, 110.7210 mm): Segment of U1 on F.Silkscreen
    @(96.0575 mm, 110.2860 mm): Pad 13 [GND] of U1 on F.Cu
[silk_over_copper]: Silkscreen clipped by solder mask
    Local override; warning
    @(82.4685 mm, 110.7210 mm): Segment of U1 on F.Silkscreen
    @(98.5975 mm, 110.2860 mm): Pad 14 [+5V] of U1 on F.Cu
[silk_over_copper]: Silkscreen clipped by solder mask
    Local override; warning
    @(82.4685 mm, 92.9410 mm): Segment of U1 on F.Silkscreen
    @(98.5975 mm, 93.3760 mm): Pad 1 [unconnected-(U1-D0-Pad1)] of U1 on F.Cu
[silk_over_copper]: Silkscreen clipped by solder mask
    Local override; warning
    @(82.4685 mm, 92.9410 mm): Segment of U1 on F.Silkscreen
    @(96.0575 mm, 93.3760 mm): Pad 2 [/DHT11 DATA] of U1 on F.Cu
[silk_over_copper]: Silkscreen clipped by solder mask
    Local override; warning
    @(82.4685 mm, 92.9410 mm): Segment of U1 on F.Silkscreen
    @(93.5175 mm, 93.3760 mm): Pad 3 [/GPIO2] of U1 on F.Cu
[silk_over_copper]: Silkscreen clipped by solder mask
    Local override; warning
    @(82.4685 mm, 92.9410 mm): Segment of U1 on F.Silkscreen
    @(90.9775 mm, 93.3760 mm): Pad 4 [/GPIO3] of U1 on F.Cu
[silk_over_copper]: Silkscreen clipped by solder mask
    Local override; warning
    @(82.4685 mm, 92.9410 mm): Segment of U1 on F.Silkscreen
    @(88.4375 mm, 93.3760 mm): Pad 5 [/SCL] of U1 on F.Cu
[silk_over_copper]: Silkscreen clipped by solder mask
    Local override; warning
    @(82.4685 mm, 92.9410 mm): Segment of U1 on F.Silkscreen
    @(85.8975 mm, 93.3760 mm): Pad 6 [/SDA] of U1 on F.Cu
[silk_over_copper]: Silkscreen clipped by solder mask
    Local override; warning
    @(82.4685 mm, 92.9410 mm): Segment of U1 on F.Silkscreen
    @(83.3575 mm, 93.3760 mm): Pad 7 [unconnected-(U1-D6-Pad7)] of U1 on F.Cu

** Found 0 unconnected pads **

** Found 0 Footprint errors **

** Ignored checks **
    - Footprint has no courtyard defined
    - Track endpoint not centered on via
    - Tuning profile track geometries
    - Footprint doesn't match symbol's footprint filters
    - Footprint component type doesn't match footprint pads

** End of Report **
